2022-12-16 17:07:53,060  * Debugger is active!
2022-12-16 17:07:53,066  * Debugger PIN: 129-839-699
2022-12-16 17:07:53,227  * Running on http://127.0.0.1:5000/ (Press CTRL+C to quit)
2022-12-16 17:07:55,863 127.0.0.1 - - [16/Dec/2022 17:07:55] "GET / HTTP/1.1" 200 -
2022-12-16 17:08:26,249 400 Bad Request: The browser (or proxy) sent a request that this server could not understand.
2022-12-16 17:08:26,280 127.0.0.1 - - [16/Dec/2022 17:08:26] "[35m[1mPOST /predict HTTP/1.1[0m" 500 -
2022-12-16 17:08:26,931 127.0.0.1 - - [16/Dec/2022 17:08:26] "GET /predict?__debugger__=yes&cmd=resource&f=debugger.js HTTP/1.1" 200 -
2022-12-16 17:08:26,931 127.0.0.1 - - [16/Dec/2022 17:08:26] "GET /predict?__debugger__=yes&cmd=resource&f=style.css HTTP/1.1" 200 -
2022-12-16 17:08:26,969 127.0.0.1 - - [16/Dec/2022 17:08:26] "GET /predict?__debugger__=yes&cmd=resource&f=ubuntu.ttf HTTP/1.1" 200 -
2022-12-16 17:08:26,995 127.0.0.1 - - [16/Dec/2022 17:08:26] "GET /predict?__debugger__=yes&cmd=resource&f=console.png HTTP/1.1" 200 -
